\BOOKMARK [1][-]{section.1}{\376\377\000I\000N\000T\000R\000O\000D\000U\000C\000T\000I\000O\000N}{}% 1
\BOOKMARK [1][-]{section.2}{\376\377\000R\000E\000L\000A\000T\000E\000D\000\040\000W\000O\000R\000K}{}% 2
\BOOKMARK [2][-]{subsection.2.1}{\376\377\000M\000u\000l\000t\000i\000-\000S\000o\000u\000r\000c\000e\000\040\000D\000a\000t\000a\000\040\000F\000u\000s\000i\000o\000n\000\040\000f\000o\000r\000\040\000S\000t\000o\000c\000k\000\040\000P\000r\000e\000d\000i\000c\000t\000i\000o\000n\000\040\000\050\000R\000O\0001\000\051}{section.2}% 3
\BOOKMARK [2][-]{subsection.2.2}{\376\377\000H\000y\000b\000r\000i\000d\000\040\000M\000o\000d\000e\000l\000s\000\040\000C\000o\000m\000b\000i\000n\000i\000n\000g\000\040\000S\000e\000n\000t\000i\000m\000e\000n\000t\000\040\000a\000n\000d\000\040\000T\000e\000c\000h\000n\000i\000c\000a\000l\000\040\000I\000n\000d\000i\000c\000a\000t\000o\000r\000s\000\040\000\050\000R\000O\0002\000\051}{section.2}% 4
\BOOKMARK [2][-]{subsection.2.3}{\376\377\000L\000a\000r\000g\000e\000\040\000L\000a\000n\000g\000u\000a\000g\000e\000\040\000M\000o\000d\000e\000l\000s\000,\000\040\000E\000x\000p\000l\000a\000i\000n\000a\000b\000i\000l\000i\000t\000y\000,\000\040\000a\000n\000d\000\040\000T\000e\000m\000p\000o\000r\000a\000l\000\040\000D\000y\000n\000a\000m\000i\000c\000s\000\040\000\050\000R\000O\0003\000\051}{section.2}% 5
\BOOKMARK [2][-]{subsection.2.4}{\376\377\000C\000r\000o\000s\000s\000-\000M\000a\000r\000k\000e\000t\000\040\000T\000r\000a\000n\000s\000f\000e\000r\000\040\000L\000e\000a\000r\000n\000i\000n\000g\000\040\000\050\000R\000O\0004\000\051}{section.2}% 6
\BOOKMARK [1][-]{section.3}{\376\377\000M\000E\000T\000H\000O\000D\000O\000L\000O\000G\000Y}{}% 7
\BOOKMARK [2][-]{subsection.3.1}{\376\377\000M\000u\000l\000t\000i\000-\000S\000o\000u\000r\000c\000e\000\040\000D\000a\000t\000a\000\040\000I\000n\000g\000e\000s\000t\000i\000o\000n\000\040\000\050\000R\000O\0001\000\051}{section.3}% 8
\BOOKMARK [2][-]{subsection.3.2}{\376\377\000F\000e\000a\000t\000u\000r\000e\000\040\000E\000n\000g\000i\000n\000e\000e\000r\000i\000n\000g\000\040\000\050\000R\000O\0001\000,\000\040\000R\000O\0002\000\051}{section.3}% 9
\BOOKMARK [2][-]{subsection.3.3}{\376\377\000F\000i\000n\000B\000E\000R\000T\000\040\000S\000e\000n\000t\000i\000m\000e\000n\000t\000\040\000P\000i\000p\000e\000l\000i\000n\000e\000\040\000\050\000R\000O\0002\000\051}{section.3}% 10
\BOOKMARK [2][-]{subsection.3.4}{\376\377\000H\000y\000b\000r\000i\000d\000\040\000B\000a\000s\000e\000-\000L\000e\000a\000r\000n\000e\000r\000\040\000E\000n\000s\000e\000m\000b\000l\000e\000\040\000a\000n\000d\000\040\000R\000i\000d\000g\000e\000\040\000S\000t\000a\000c\000k\000i\000n\000g\000\040\000\050\000R\000O\0002\000\051}{section.3}% 11
\BOOKMARK [2][-]{subsection.3.5}{\376\377\000C\000a\000l\000i\000b\000r\000a\000t\000i\000o\000n\000,\000\040\000T\000h\000r\000e\000s\000h\000o\000l\000d\000\040\000T\000u\000n\000i\000n\000g\000,\000\040\000a\000n\000d\000\040\000C\000o\000n\000f\000o\000r\000m\000a\000l\000\040\000I\000n\000t\000e\000r\000v\000a\000l\000s\000\040\000\050\000R\000O\0002\000,\000\040\000R\000O\0003\000\051}{section.3}% 12
\BOOKMARK [2][-]{subsection.3.6}{\376\377\000E\000x\000p\000l\000a\000i\000n\000a\000b\000i\000l\000i\000t\000y\000\040\000a\000n\000d\000\040\000T\000e\000m\000p\000o\000r\000a\000l\000\040\000S\000e\000n\000t\000i\000m\000e\000n\000t\000\040\000A\000n\000a\000l\000y\000s\000i\000s\000\040\000\050\000R\000O\0003\000\051}{section.3}% 13
\BOOKMARK [2][-]{subsection.3.7}{\376\377\000C\000r\000o\000s\000s\000-\000M\000a\000r\000k\000e\000t\000\040\000T\000r\000a\000n\000s\000f\000e\000r\000\040\000L\000e\000a\000r\000n\000i\000n\000g\000\040\000\050\000R\000O\0004\000\051}{section.3}% 14
\BOOKMARK [2][-]{subsection.3.8}{\376\377\000N\000S\000E\000\040\000T\000r\000a\000n\000s\000a\000c\000t\000i\000o\000n\000\040\000C\000o\000s\000t\000\040\000M\000o\000d\000e\000l}{section.3}% 15
\BOOKMARK [2][-]{subsection.3.9}{\376\377\000B\000a\000c\000k\000t\000e\000s\000t\000i\000n\000g\000\040\000P\000r\000o\000t\000o\000c\000o\000l}{section.3}% 16
\BOOKMARK [1][-]{section.4}{\376\377\000E\000X\000P\000E\000R\000I\000M\000E\000N\000T\000A\000L\000\040\000S\000E\000T\000U\000P}{}% 17
\BOOKMARK [2][-]{subsection.4.1}{\376\377\000D\000a\000t\000a\000s\000e\000t\000s}{section.4}% 18
\BOOKMARK [2][-]{subsection.4.2}{\376\377\000B\000a\000s\000e\000l\000i\000n\000e\000\040\000M\000o\000d\000e\000l\000s}{section.4}% 19
\BOOKMARK [2][-]{subsection.4.3}{\376\377\000E\000v\000a\000l\000u\000a\000t\000i\000o\000n\000\040\000M\000e\000t\000r\000i\000c\000s}{section.4}% 20
\BOOKMARK [2][-]{subsection.4.4}{\376\377\000I\000m\000p\000l\000e\000m\000e\000n\000t\000a\000t\000i\000o\000n}{section.4}% 21
\BOOKMARK [1][-]{section.5}{\376\377\000R\000E\000S\000U\000L\000T\000S\000\040\000A\000N\000D\000\040\000A\000N\000A\000L\000Y\000S\000I\000S}{}% 22
\BOOKMARK [2][-]{subsection.5.1}{\376\377\000M\000a\000i\000n\000\040\000C\000o\000m\000p\000a\000r\000i\000s\000o\000n\000\040\000o\000n\000\040\000I\000n\000d\000i\000a\000n\000\040\000H\000o\000l\000d\000o\000u\000t\000\040\000\050\000R\000O\0001\000,\000\040\000R\000O\0002\000\051}{section.5}% 23
\BOOKMARK [2][-]{subsection.5.2}{\376\377\000A\000b\000l\000a\000t\000i\000o\000n\000\040\000S\000t\000u\000d\000y\000\040\000\050\000R\000O\0001\000,\000\040\000R\000O\0002\000\051}{section.5}% 24
\BOOKMARK [2][-]{subsection.5.3}{\376\377\000H\000y\000p\000e\000r\000p\000a\000r\000a\000m\000e\000t\000e\000r\000\040\000S\000e\000n\000s\000i\000t\000i\000v\000i\000t\000y\000\040\000A\000n\000a\000l\000y\000s\000i\000s}{section.5}% 25
\BOOKMARK [2][-]{subsection.5.4}{\376\377\000R\000e\000g\000i\000m\000e\000-\000S\000p\000e\000c\000i\000f\000i\000c\000\040\000P\000e\000r\000f\000o\000r\000m\000a\000n\000c\000e}{section.5}% 26
\BOOKMARK [2][-]{subsection.5.5}{\376\377\000P\000e\000r\000-\000S\000e\000c\000t\000o\000r\000\040\000A\000n\000a\000l\000y\000s\000i\000s}{section.5}% 27
\BOOKMARK [2][-]{subsection.5.6}{\376\377\000E\000x\000p\000l\000a\000i\000n\000a\000b\000i\000l\000i\000t\000y\000\040\000a\000n\000d\000\040\000T\000e\000m\000p\000o\000r\000a\000l\000\040\000S\000e\000n\000t\000i\000m\000e\000n\000t\000\040\000A\000n\000a\000l\000y\000s\000i\000s\000\040\000\050\000R\000O\0003\000\051}{section.5}% 28
\BOOKMARK [2][-]{subsection.5.7}{\376\377\000R\000e\000l\000i\000a\000b\000i\000l\000i\000t\000y\000\040\000D\000i\000a\000g\000r\000a\000m\000\040\000a\000n\000d\000\040\000C\000o\000n\000f\000o\000r\000m\000a\000l\000\040\000C\000o\000v\000e\000r\000a\000g\000e}{section.5}% 29
\BOOKMARK [2][-]{subsection.5.8}{\376\377\000E\000q\000u\000i\000t\000y\000\040\000C\000u\000r\000v\000e}{section.5}% 30
\BOOKMARK [2][-]{subsection.5.9}{\376\377\000C\000r\000o\000s\000s\000-\000M\000a\000r\000k\000e\000t\000\040\000T\000r\000a\000n\000s\000f\000e\000r\000\040\000E\000v\000a\000l\000u\000a\000t\000i\000o\000n\000\040\000\050\000R\000O\0004\000\051}{section.5}% 31
\BOOKMARK [1][-]{section.6}{\376\377\000D\000I\000S\000C\000U\000S\000S\000I\000O\000N}{}% 32
\BOOKMARK [2][-]{subsection.6.1}{\376\377\000R\000O\0001\000\040\040\024\000\040\000M\000u\000l\000t\000i\000-\000S\000o\000u\000r\000c\000e\000\040\000I\000n\000t\000e\000g\000r\000a\000t\000i\000o\000n}{section.6}% 33
\BOOKMARK [2][-]{subsection.6.2}{\376\377\000R\000O\0002\000\040\040\024\000\040\000H\000y\000b\000r\000i\000d\000\040\000L\000L\000M\000\040\000+\000\040\000I\000n\000d\000i\000c\000a\000t\000o\000r\000\040\000F\000r\000a\000m\000e\000w\000o\000r\000k}{section.6}% 34
\BOOKMARK [2][-]{subsection.6.3}{\376\377\000R\000O\0003\000\040\040\024\000\040\000E\000x\000p\000l\000a\000i\000n\000a\000b\000i\000l\000i\000t\000y\000\040\000a\000n\000d\000\040\000T\000e\000m\000p\000o\000r\000a\000l\000\040\000S\000e\000n\000t\000i\000m\000e\000n\000t\000\040\000D\000y\000n\000a\000m\000i\000c\000s}{section.6}% 35
\BOOKMARK [2][-]{subsection.6.4}{\376\377\000R\000O\0004\000\040\040\024\000\040\000C\000r\000o\000s\000s\000-\000M\000a\000r\000k\000e\000t\000\040\000E\000v\000a\000l\000u\000a\000t\000i\000o\000n\000\040\000a\000n\000d\000\040\000T\000r\000a\000n\000s\000f\000e\000r\000\040\000L\000e\000a\000r\000n\000i\000n\000g}{section.6}% 36
\BOOKMARK [1][-]{section.7}{\376\377\000C\000O\000N\000C\000L\000U\000S\000I\000O\000N\000\040\000A\000N\000D\000\040\000F\000U\000T\000U\000R\000E\000\040\000W\000O\000R\000K}{}% 37
\BOOKMARK [1][-]{section.7}{\376\377\000R\000e\000f\000e\000r\000e\000n\000c\000e\000s}{}% 38
